88623059	2374b1689b3b222602013016e41ca5b567be9639	hg38ToDasNov3.over.chain.gz
6953744	59653a89a5b77e678c6ce44dbec5b2a1c919bf65	species.txt
13635989	5cd8725f11d0820f79d9b625f0e8a0e23996521d	src/sjcab_peak2anno_db/data/sizes/tarSyr1.sizes
9996034	be0fcca24311716d0f3f814beb640eb533d74263	src/sjcab_peak2anno_db/data/sizes/choHof1.sizes
8508301	7fab35c6087b9dce2e9a54d88517b4010fddaba4	src/sjcab_peak2anno_db/data/sizes/bisBis1.sizes
7902764	0de403838e5c0af9bd7a60b69adc729396d62a95	src/sjcab_peak2anno_db/data/sizes/felCat8.sizes
7898208	2192dd1b8c8083ad21854a156f3c2599e6622d0e	src/sjcab_peak2anno_db/data/sizes/eriEur1.sizes
7296214	19eeedda0fd6b5027d6a670ce44048ba827fd585	src/sjcab_peak2anno_db/data/sizes/gadMor1.sizes
7232905	01843fca7cb0ffc98ed1ecfaec02a98885c360fb	src/sjcab_peak2anno_db/data/sizes/rheMac8.sizes
6762792	3c2afb0e6d61592982e33ebdb70b0afbd9593257	src/sjcab_peak2anno_db/data/sizes/echTel1.sizes
6408414	3dc3d0b562ebdfca7f98afcb0d606d81679828d7	src/sjcab_peak2anno_db/data/sizes/tarSyr2.sizes
6166945	d8ef06617bde1dd4480de1fcaa915a3d0e63f344	src/sjcab_peak2anno_db/data/sizes/proCap1.sizes
6117131	3583e3a7b5ad74ce1009b4d6c270d07e3e33b281	src/sjcab_peak2anno_db/data/sizes/vicPac1.sizes
5860246	191e4ad83c14e6f9c1d2c993718746a007b9bb40	src/sjcab_peak2anno_db/data/sizes/melGal5.sizes
5420083	17c5d1db0b3aaedf6a99e87b27da2acbf6380881	src/sjcab_peak2anno_db/data/sizes/sorAra1.sizes
4978917	db2a960ef554541c4d23a62873ccfa4878e3f57c	src/sjcab_peak2anno_db/data/sizes/ornAna2.sizes
4702839	8ee20d538bfb25e3f3f1af166b15d8932240064a	src/sjcab_peak2anno_db/data/sizes/vicPac2.sizes
4332787	d87367d5e7933a064fb277470b04bbb72047007b	src/sjcab_peak2anno_db/data/sizes/dipOrd1.sizes
4174912	c52731d52d78326d8075cb3660962746e05c8f1b	src/sjcab_peak2anno_db/data/sizes/tupBel1.sizes
3856768	2ae793bf67eb197fbd19ae73c64198eadb5eebfd	src/sjcab_peak2anno_db/data/sizes/ochPri2.sizes
3775170	243dd7dd59ffa0b92accfa751414e3467285b447	src/sjcab_peak2anno_db/data/sizes/micMur1.sizes
3527556	20fd5b62f937af772fc54377f91f4917b4b2003b	src/sjcab_peak2anno_db/data/sizes/galVar1.sizes
3472987	d2feb2e653dd5673aa83a8d6b967582ca7a082dc	src/sjcab_peak2anno_db/data/sizes/ornAna1.sizes
2708074	66f7342f9308b527b67748e8941cfe0ae29f2743	src/sjcab_peak2anno_db/data/sizes/xenLae2.sizes
2581860	332bee6a922e79fedb6e11c650f59e09d6ae4ea6	src/sjcab_peak2anno_db/data/sizes/rhiRox1.sizes
2129633	7b5c81802e0d6b1e56da65410b339cdaadfc2c6a	src/sjcab_peak2anno_db/data/sizes/strPur2.sizes
1944499	0426a51155edd7f0144d3998baf0f1869403a3ce	src/sjcab_peak2anno_db/data/sizes/pteVam1.sizes
1646459	3dec5f50b985ed4a7bc8b95e7a81eb9dff19da18	src/sjcab_peak2anno_db/data/sizes/papAnu4.sizes
1237461	c44456b4922452296871345705b2dda242639469	src/sjcab_peak2anno_db/data/sizes/ailMel1.sizes
1169226	4165f2ddef4cdec8d9bd16885c3bcb21c440e757	src/sjcab_peak2anno_db/data/sizes/panTro5.sizes
1109997	2acf56b136788b837918bfbd5cfa672c6e4353ff	src/sjcab_peak2anno_db/data/sizes/papAnu2.sizes
946299	278fcf0c78d8d025cb606bd4510e121cb1b57e35	src/sjcab_peak2anno_db/data/sizes/sarHar1.sizes
884137	6aadb8d0886cca63c4a38d6322be62564d1c28b3	src/sjcab_peak2anno_db/data/sizes/criGri1.sizes
847509	b671988898663655ff8d95450879f76aad18af84	src/sjcab_peak2anno_db/data/sizes/taeGut2.sizes
754707	e000db5f1473b8ab7bc0aca00f6803045c929bed	src/sjcab_peak2anno_db/data/sizes/dasNov3.sizes
596484	033db3619fecd38a0554af145ba0e382f822cce7	src/sjcab_peak2anno_db/data/sizes/galGal5.sizes
527257	1e8d957b1badb827c3dcea478ce6b35fcf89aa44	src/sjcab_peak2anno_db/data/sizes/hetGla1.sizes
502305	08e88cc95b21d1874bf4fbd9b8a3204647c3ba32	src/sjcab_peak2anno_db/data/sizes/aptMan1.sizes
467851	0f9c6e3c99205bd275e269e674c6f160d6caa495	src/sjcab_peak2anno_db/data/sizes/nanPar1.sizes
438462	e1cb0af46cfe52dff984732742ef15aa7e13614f	src/sjcab_peak2anno_db/data/sizes/nomLeu3.sizes
379969	df1e635ed42ddaf5bf93cc2be3f25e6bd7219d1c	src/sjcab_peak2anno_db/data/sizes/latCha1.sizes
369324	1545b76f1c657dc7f0e76dfea2189a5782683015	src/sjcab_peak2anno_db/data/sizes/calMil1.sizes
364359	b30e7da0666d5d1cf540bb45ad61c6aa767adb30	src/sjcab_peak2anno_db/data/sizes/geoFor1.sizes
361648	6c140ba7b7dcea47244f9b315919d5eb6e6e5dbb	src/sjcab_peak2anno_db/data/sizes/petMar2.sizes
354558	1d3fff7521ab0c3294835d0f0908b4cceda9d470	src/sjcab_peak2anno_db/data/sizes/melUnd1.sizes
335728	d6cf6eecc43f105266b8c60ee6e14f2e5865610d	src/sjcab_peak2anno_db/data/sizes/calJac3.sizes
330399	114556a06b981b8380b2677a240e74a82843c143	src/sjcab_peak2anno_db/data/sizes/gorGor5.sizes
295325	7a591b530d4e3940c9dec64946beaa104eb43bbc	src/sjcab_peak2anno_db/data/sizes/nomLeu1.sizes
267248	74dca7de071b2cb0117761dc042c993b3050f7cd	src/sjcab_peak2anno_db/data/sizes/panPan2.sizes
241705	58deb404c30c2bc7adb0e06a20dd6e9e154f5d16	src/sjcab_peak2anno_db/data/sizes/allMis1.sizes
220030	716a2e8c9bcb8c63ca109bf3549330970fb6ec91	src/sjcab_peak2anno_db/data/sizes/sorAra2.sizes
204246	0de1700b56f0414acd096eb5380817e1636d8934	src/sjcab_peak2anno_db/data/sizes/speTri2.sizes
203109	b6b040eea51016e6dd676ecf7a764ad37834f529	src/sjcab_peak2anno_db/data/sizes/myoLuc2.sizes
187810	3a9617610ce0f832ff3a82c6b858c8db1e95ae1a	src/sjcab_peak2anno_db/data/sizes/micMur2.sizes
185978	4486a5058ebad6f0c37845f68685cd2c5a252a5e	src/sjcab_peak2anno_db/data/sizes/anoGam3.sizes
182130	db9e197de8d3eec9ac8bed72732d7d0a50f770c4	src/sjcab_peak2anno_db/data/sizes/balAcu1.sizes
179016	05945b334051088be96af0cb1f229588002d566a	src/sjcab_peak2anno_db/data/sizes/xenTro9.sizes
178913	4af08e62afd3f428e39cc3179f74d2fd45fc3960	src/sjcab_peak2anno_db/data/sizes/ochPri3.sizes
178194	14c6640f92de6b7cfdfa4f478092fbdbd860a264	src/sjcab_peak2anno_db/data/sizes/macFas5.sizes
151526	13078017f45f2b7cd09e9186f6cf9ebc6394c151	src/sjcab_peak2anno_db/data/sizes/anoCar2.sizes
148618	2e311294ed17396f1e4f328a4265a667b8c5f704	src/sjcab_peak2anno_db/data/sizes/gorGor6.sizes
142513	5619bb5f86135a1f5937a0fd2969615dd1da50ab	src/sjcab_peak2anno_db/data/sizes/oviAri4.sizes
142073	2e99a7041ce277123d5d28dac50c0df5fb88526c	src/sjcab_peak2anno_db/data/sizes/anoCar1.sizes
141358	4fc56ffeab9055a501d4773481119e26d996df47	src/sjcab_peak2anno_db/data/sizes/ponAbe3.sizes
137388	a70a33cf2330c596cb0304aef2f201f2b7356722	src/sjcab_peak2anno_db/data/sizes/echTel2.sizes
135636	ba710056c9a48daa9131bb146648d00d1b810a09	src/sjcab_peak2anno_db/data/sizes/otoGar3.sizes
133918	47dff9ce9080cc91d6375b6c80087b1799b8f527	src/sjcab_peak2anno_db/data/sizes/musFur1.sizes
133766	98055214d9322c9ed91605e9ae6db8a13ce0b379	src/sjcab_peak2anno_db/data/sizes/criGriChoV2.sizes
131648	96279a4abc7eb9f8aedc143385e4432f453c4927	src/sjcab_peak2anno_db/data/sizes/oryLat2.sizes
123772	8321c85732fa0d78354805cffbcd889851921479	src/sjcab_peak2anno_db/data/sizes/oviAri3.sizes
123585	a2d1995cc4f3b477584ade5451c222fcbadfeb26	src/sjcab_peak2anno_db/data/sizes/equCab3.sizes
121574	d99661d25305c163adc894a3d6bc2038f5e6ff5a	src/sjcab_peak2anno_db/data/sizes/felCat9.sizes
117930	4df43dbae7bda12205e35bfdc325f7dc8c5c5cc1	src/sjcab_peak2anno_db/data/sizes/melGal1.sizes
116513	243ab8edc36fb682c37a7fbc059c840ff4a004fa	src/sjcab_peak2anno_db/data/sizes/panTro6.sizes
115454	412224222118f45537d55b4ffce8392b789e90dc	src/sjcab_peak2anno_db/data/sizes/panPan3.sizes
108679	842d13f5ccfd27f92e648db22f5e7bfb8fc53cb4	src/sjcab_peak2anno_db/data/sizes/oreNil2.sizes
103205	19feddb1e619e69891b4e0ab9852ca5d51efd02f	src/sjcab_peak2anno_db/data/sizes/triMan1.sizes
97533	7857f2eee73f4918671e34772528124ac15d0a4c	src/sjcab_peak2anno_db/data/sizes/fr3.sizes
97191	500442a1ac234b0b75948772d35baacbf81b028e	src/sjcab_peak2anno_db/data/sizes/eriEur2.sizes
80592	388b70a20a8efbdacc59ecaff85620070a34e590	src/sjcab_peak2anno_db/data/sizes/rheMac10.sizes
76372	9e76d76e9f3c37b04d4c906248126d0500f30bf5	src/sjcab_peak2anno_db/data/sizes/susScr3.sizes
72991	16a6b34b0cef568464844688dd42a9e303d70aac	src/sjcab_peak2anno_db/data/sizes/hetGla2.sizes
69670	93b3a54b0cd123265c650cf04d17f35944b78835	src/sjcab_peak2anno_db/data/sizes/bosTau8.sizes
61359	bf0272509cf5123f3ea07002ec92145c3d421d80	src/sjcab_peak2anno_db/data/sizes/cavPor3.sizes
59089	5f589022d3d186ec374c70887a0290ad60106537	src/sjcab_peak2anno_db/data/sizes/bosTau9.sizes
53139	fb971c7e657662757fba1026a11406966aca89ea	src/sjcab_peak2anno_db/data/sizes/cerSim1.sizes
53064	5558c06ad90c2cdf9da501f6e84d7abedaf9e569	src/sjcab_peak2anno_db/data/sizes/chlSab2.sizes
51345	6dc39a154895195385ced1ea80b3a0a4cae2ebe2	src/sjcab_peak2anno_db/data/sizes/oryCun2.sizes
48111	d6e11b7e98fe7e059e97be7b2541e88b8bd3cf8d	src/sjcab_peak2anno_db/data/sizes/danRer11.sizes
46425	a0aeaf40c79c7bfe789de865ba1cfb4ea5bdae9c	src/sjcab_peak2anno_db/data/sizes/saiBol1.sizes
45399	dc128bda519340c7e103ef7783d43afd91fe7eee	src/sjcab_peak2anno_db/data/sizes/loxAfr3.sizes
45055	c492daae00d4fd658b4c3ffc0c4608f5245e1a62	src/sjcab_peak2anno_db/data/sizes/dm6.sizes
33515	e5cd90f4b692d090b32eac57339f1b1521e07db9	src/sjcab_peak2anno_db/data/sizes/ci3.sizes
25855	873e721ad7aea9ea2a3e29422594666c13da01e8	src/sjcab_peak2anno_db/data/sizes/calJac4.sizes
24560	58ce572fbda43e8129207bfa9b6d84da63cde478	src/sjcab_peak2anno_db/data/sizes/rn6.sizes
24025	1e414233e138a7d014d6f1e05a0e34a388080ffa	src/sjcab_peak2anno_db/data/sizes/danRer10.sizes
20655	5fe7d7e9dc175477b6752897d0cd3e818a0a3478	src/sjcab_peak2anno_db/data/sizes/canFam5.sizes
16486	efb4880ff49a8744877c79799c16f7cc32516dd6	src/sjcab_peak2anno_db/data/sizes/susScr11.sizes
12393	0d1e2b9425e9625cfca8c1f8171522ee139aeb98	src/sjcab_peak2anno_db/data/sizes/galGal6.sizes
4559	b9f79fc96164ae4a312d003f0d8203bda34375f3	src/sjcab_peak2anno_db/data/sizes/rn7.sizes
4253	cd5aee0f219c57fef1101c1d553ac2d70022c2ab	src/sjcab_peak2anno_db/data/sizes/xenTro10.sizes
